
 RUN  v4.0.14 C:/Users/fahim/OneDrive/Desktop/xstfahim

node.exe : 
ReferenceError: 
IntersectionObserver 
is not defined
At line:1 char:1
+ & "C:\Program Files\
nodejs/node.exe" "C:\U
sers\fahim\AppData\Roa
ming\ ...
+ ~~~~~~~~~~~~~~~~~~~~
~~~~~~~~~~~~~~~~~~~~~~
~~~~~~~~~~~~~~~~~~~~~~
~~~~~
    + CategoryInfo    
          : NotSpeci  
  fied: (ReferenceE   
 rror:... is not d    
efined:String) []    
, RemoteException
    + FullyQualifiedE 
   rrorId : NativeCo  
  mmandError
 
    at initIntersectio
nObserver (file:///C:/
Users/fahim/OneDrive/D
esktop/xstfahim/node_m
odules/framer-motion/d
ist/es/motion/features
/viewport/observers.mj
s:35:34)
    at 
observeIntersection (f
ile:///C:/Users/fahim/
OneDrive/Desktop/xstfa
him/node_modules/frame
r-motion/dist/es/motio
n/features/viewport/ob
servers.mjs:40:39)
    at InViewFeature.s
tartObserver (file:///
C:/Users/fahim/OneDriv
e/Desktop/xstfahim/nod
e_modules/framer-motio
n/dist/es/motion/featu
res/viewport/index.mjs
:52:16)
    at 
InViewFeature.mount (f
ile:///C:/Users/fahim/
OneDrive/Desktop/xstfa
him/node_modules/frame
r-motion/dist/es/motio
n/features/viewport/in
dex.mjs:55:14)
    at HTMLVisualEleme
nt.updateFeatures (fil
e:///C:/Users/fahim/On
eDrive/Desktop/xstfahi
m/node_modules/framer-
motion/dist/es/render/
VisualElement.mjs:262:
29)
    at file:///C:/User
s/fahim/OneDrive/Deskt
op/xstfahim/node_modul
es/framer-motion/dist/
es/motion/utils/use-vi
sual-element.mjs:70:23
    at commitHookEffec
tListMount (C:\Users\f
ahim\OneDrive\Desktop\
xstfahim\node_modules\
react-dom\cjs\react-do
m.development.js:23189
:26)
    at commitLayoutEff
ectOnFiber (C:\Users\f
ahim\OneDrive\Desktop\
xstfahim\node_modules\
react-dom\cjs\react-do
m.development.js:23312
:15)
    at commitLayoutMou
ntEffects_complete (C:
\Users\fahim\OneDrive\
Desktop\xstfahim\node_
modules\react-dom\cjs\
react-dom.development.
js:24727:9)
    at commitLayoutEff
ects_begin (C:\Users\f
ahim\OneDrive\Desktop\
xstfahim\node_modules\
react-dom\cjs\react-do
m.development.js:24713
:7)
ReferenceError: 
IntersectionObserver 
is not defined
    at initIntersectio
nObserver (file:///C:/
Users/fahim/OneDrive/D
esktop/xstfahim/node_m
odules/framer-motion/d
ist/es/motion/features
/viewport/observers.mj
s:35:34)
    at 
observeIntersection (f
ile:///C:/Users/fahim/
OneDrive/Desktop/xstfa
him/node_modules/frame
r-motion/dist/es/motio
n/features/viewport/ob
servers.mjs:40:39)
    at InViewFeature.s
tartObserver (file:///
C:/Users/fahim/OneDriv
e/Desktop/xstfahim/nod
e_modules/framer-motio
n/dist/es/motion/featu
res/viewport/index.mjs
:52:16)
    at 
InViewFeature.mount (f
ile:///C:/Users/fahim/
OneDrive/Desktop/xstfa
him/node_modules/frame
r-motion/dist/es/motio
n/features/viewport/in
dex.mjs:55:14)
    at HTMLVisualEleme
nt.updateFeatures (fil
e:///C:/Users/fahim/On
eDrive/Desktop/xstfahi
m/node_modules/framer-
motion/dist/es/render/
VisualElement.mjs:262:
29)
    at file:///C:/User
s/fahim/OneDrive/Deskt
op/xstfahim/node_modul
es/framer-motion/dist/
es/motion/utils/use-vi
sual-element.mjs:70:23
    at commitHookEffec
tListMount (C:\Users\f
ahim\OneDrive\Desktop\
xstfahim\node_modules\
react-dom\cjs\react-do
m.development.js:23189
:26)
    at commitLayoutEff
ectOnFiber (C:\Users\f
ahim\OneDrive\Desktop\
xstfahim\node_modules\
react-dom\cjs\react-do
m.development.js:23312
:15)
    at commitLayoutMou
ntEffects_complete (C:
\Users\fahim\OneDrive\
Desktop\xstfahim\node_
modules\react-dom\cjs\
react-dom.development.
js:24727:9)
    at commitLayoutEff
ects_begin (C:\Users\f
ahim\OneDrive\Desktop\
xstfahim\node_modules\
react-dom\cjs\react-do
m.development.js:24713
:7)
ReferenceError: 
IntersectionObserver 
is not defined
    at initIntersectio
nObserver (file:///C:/
Users/fahim/OneDrive/D
esktop/xstfahim/node_m
odules/framer-motion/d
ist/es/motion/features
/viewport/observers.mj
s:35:34)
    at 
observeIntersection (f
ile:///C:/Users/fahim/
OneDrive/Desktop/xstfa
him/node_modules/frame
r-motion/dist/es/motio
n/features/viewport/ob
servers.mjs:40:39)
    at InViewFeature.s
tartObserver (file:///
C:/Users/fahim/OneDriv
e/Desktop/xstfahim/nod
e_modules/framer-motio
n/dist/es/motion/featu
res/viewport/index.mjs
:52:16)
    at 
InViewFeature.mount (f
ile:///C:/Users/fahim/
OneDrive/Desktop/xstfa
him/node_modules/frame
r-motion/dist/es/motio
n/features/viewport/in
dex.mjs:55:14)
    at HTMLVisualEleme
nt.updateFeatures (fil
e:///C:/Users/fahim/On
eDrive/Desktop/xstfahi
m/node_modules/framer-
motion/dist/es/render/
VisualElement.mjs:262:
29)
    at file:///C:/User
s/fahim/OneDrive/Deskt
op/xstfahim/node_modul
es/framer-motion/dist/
es/motion/utils/use-vi
sual-element.mjs:70:23
    at commitHookEffec
tListMount (C:\Users\f
ahim\OneDrive\Desktop\
xstfahim\node_modules\
react-dom\cjs\react-do
m.development.js:23189
:26)
    at commitLayoutEff
ectOnFiber (C:\Users\f
ahim\OneDrive\Desktop\
xstfahim\node_modules\
react-dom\cjs\react-do
m.development.js:23312
:15)
    at commitLayoutMou
ntEffects_complete (C:
\Users\fahim\OneDrive\
Desktop\xstfahim\node_
modules\react-dom\cjs\
react-dom.development.
js:24727:9)
    at commitLayoutEff
ects_begin (C:\Users\f
ahim\OneDrive\Desktop\
xstfahim\node_modules\
react-dom\cjs\react-do
m.development.js:24713
:7)
ReferenceError: 
IntersectionObserver 
is not defined
    at initIntersectio
nObserver (file:///C:/
Users/fahim/OneDrive/D
esktop/xstfahim/node_m
odules/framer-motion/d
ist/es/motion/features
/viewport/observers.mj
s:35:34)
    at 
observeIntersection (f
ile:///C:/Users/fahim/
OneDrive/Desktop/xstfa
him/node_modules/frame
r-motion/dist/es/motio
n/features/viewport/ob
servers.mjs:40:39)
    at InViewFeature.s
tartObserver (file:///
C:/Users/fahim/OneDriv
e/Desktop/xstfahim/nod
e_modules/framer-motio
n/dist/es/motion/featu
res/viewport/index.mjs
:52:16)
    at 
InViewFeature.mount (f
ile:///C:/Users/fahim/
OneDrive/Desktop/xstfa
him/node_modules/frame
r-motion/dist/es/motio
n/features/viewport/in
dex.mjs:55:14)
    at HTMLVisualEleme
nt.updateFeatures (fil
e:///C:/Users/fahim/On
eDrive/Desktop/xstfahi
m/node_modules/framer-
motion/dist/es/render/
VisualElement.mjs:262:
29)
    at file:///C:/User
s/fahim/OneDrive/Deskt
op/xstfahim/node_modul
es/framer-motion/dist/
es/motion/utils/use-vi
sual-element.mjs:70:23
    at commitHookEffec
tListMount (C:\Users\f
ahim\OneDrive\Desktop\
xstfahim\node_modules\
react-dom\cjs\react-do
m.development.js:23189
:26)
    at commitLayoutEff
ectOnFiber (C:\Users\f
ahim\OneDrive\Desktop\
xstfahim\node_modules\
react-dom\cjs\react-do
m.development.js:23312
:15)
    at commitLayoutMou
ntEffects_complete (C:
\Users\fahim\OneDrive\
Desktop\xstfahim\node_
modules\react-dom\cjs\
react-dom.development.
js:24727:9)
    at commitLayoutEff
ects_begin (C:\Users\f
ahim\OneDrive\Desktop\
xstfahim\node_modules\
react-dom\cjs\react-do
m.development.js:24713
:7)
ReferenceError: 
IntersectionObserver 
is not defined
    at initIntersectio
nObserver (file:///C:/
Users/fahim/OneDrive/D
esktop/xstfahim/node_m
odules/framer-motion/d
ist/es/motion/features
/viewport/observers.mj
s:35:34)
    at 
observeIntersection (f
ile:///C:/Users/fahim/
OneDrive/Desktop/xstfa
him/node_modules/frame
r-motion/dist/es/motio
n/features/viewport/ob
servers.mjs:40:39)
    at InViewFeature.s
tartObserver (file:///
C:/Users/fahim/OneDriv
e/Desktop/xstfahim/nod
e_modules/framer-motio
n/dist/es/motion/featu
res/viewport/index.mjs
:52:16)
    at 
InViewFeature.mount (f
ile:///C:/Users/fahim/
OneDrive/Desktop/xstfa
him/node_modules/frame
r-motion/dist/es/motio
n/features/viewport/in
dex.mjs:55:14)
    at HTMLVisualEleme
nt.updateFeatures (fil
e:///C:/Users/fahim/On
eDrive/Desktop/xstfahi
m/node_modules/framer-
motion/dist/es/render/
VisualElement.mjs:262:
29)
    at file:///C:/User
s/fahim/OneDrive/Deskt
op/xstfahim/node_modul
es/framer-motion/dist/
es/motion/utils/use-vi
sual-element.mjs:70:23
    at commitHookEffec
tListMount (C:\Users\f
ahim\OneDrive\Desktop\
xstfahim\node_modules\
react-dom\cjs\react-do
m.development.js:23189
:26)
    at commitLayoutEff
ectOnFiber (C:\Users\f
ahim\OneDrive\Desktop\
xstfahim\node_modules\
react-dom\cjs\react-do
m.development.js:23312
:15)
    at commitLayoutMou
ntEffects_complete (C:
\Users\fahim\OneDrive\
Desktop\xstfahim\node_
modules\react-dom\cjs\
react-dom.development.
js:24727:9)
    at commitLayoutEff
ects_begin (C:\Users\f
ahim\OneDrive\Desktop\
xstfahim\node_modules\
react-dom\cjs\react-do
m.development.js:24713
:7)
ReferenceError: 
IntersectionObserver 
is not defined
    at initIntersectio
nObserver (file:///C:/
Users/fahim/OneDrive/D
esktop/xstfahim/node_m
odules/framer-motion/d
ist/es/motion/features
/viewport/observers.mj
s:35:34)
    at 
observeIntersection (f
ile:///C:/Users/fahim/
OneDrive/Desktop/xstfa
him/node_modules/frame
r-motion/dist/es/motio
n/features/viewport/ob
servers.mjs:40:39)
    at InViewFeature.s
tartObserver (file:///
C:/Users/fahim/OneDriv
e/Desktop/xstfahim/nod
e_modules/framer-motio
n/dist/es/motion/featu
res/viewport/index.mjs
:52:16)
    at 
InViewFeature.mount (f
ile:///C:/Users/fahim/
OneDrive/Desktop/xstfa
him/node_modules/frame
r-motion/dist/es/motio
n/features/viewport/in
dex.mjs:55:14)
    at HTMLVisualEleme
nt.updateFeatures (fil
e:///C:/Users/fahim/On
eDrive/Desktop/xstfahi
m/node_modules/framer-
motion/dist/es/render/
VisualElement.mjs:262:
29)
    at file:///C:/User
s/fahim/OneDrive/Deskt
op/xstfahim/node_modul
es/framer-motion/dist/
es/motion/utils/use-vi
sual-element.mjs:70:23
    at commitHookEffec
tListMount (C:\Users\f
ahim\OneDrive\Desktop\
xstfahim\node_modules\
react-dom\cjs\react-do
m.development.js:23189
:26)
    at commitLayoutEff
ectOnFiber (C:\Users\f
ahim\OneDrive\Desktop\
xstfahim\node_modules\
react-dom\cjs\react-do
m.development.js:23312
:15)
    at commitLayoutMou
ntEffects_complete (C:
\Users\fahim\OneDrive\
Desktop\xstfahim\node_
modules\react-dom\cjs\
react-dom.development.
js:24727:9)
    at commitLayoutEff
ects_begin (C:\Users\f
ahim\OneDrive\Desktop\
xstfahim\node_modules\
react-dom\cjs\react-do
m.development.js:24713
:7)
ReferenceError: 
IntersectionObserver 
is not defined
    at initIntersectio
nObserver (file:///C:/
Users/fahim/OneDrive/D
esktop/xstfahim/node_m
odules/framer-motion/d
ist/es/motion/features
/viewport/observers.mj
s:35:34)
    at 
observeIntersection (f
ile:///C:/Users/fahim/
OneDrive/Desktop/xstfa
him/node_modules/frame
r-motion/dist/es/motio
n/features/viewport/ob
servers.mjs:40:39)
    at InViewFeature.s
tartObserver (file:///
C:/Users/fahim/OneDriv
e/Desktop/xstfahim/nod
e_modules/framer-motio
n/dist/es/motion/featu
res/viewport/index.mjs
:52:16)
    at 
InViewFeature.mount (f
ile:///C:/Users/fahim/
OneDrive/Desktop/xstfa
him/node_modules/frame
r-motion/dist/es/motio
n/features/viewport/in
dex.mjs:55:14)
    at HTMLVisualEleme
nt.updateFeatures (fil
e:///C:/Users/fahim/On
eDrive/Desktop/xstfahi
m/node_modules/framer-
motion/dist/es/render/
VisualElement.mjs:262:
29)
    at file:///C:/User
s/fahim/OneDrive/Deskt
op/xstfahim/node_modul
es/framer-motion/dist/
es/motion/utils/use-vi
sual-element.mjs:70:23
    at commitHookEffec
tListMount (C:\Users\f
ahim\OneDrive\Desktop\
xstfahim\node_modules\
react-dom\cjs\react-do
m.development.js:23189
:26)
    at commitLayoutEff
ectOnFiber (C:\Users\f
ahim\OneDrive\Desktop\
xstfahim\node_modules\
react-dom\cjs\react-do
m.development.js:23312
:15)
    at commitLayoutMou
ntEffects_complete (C:
\Users\fahim\OneDrive\
Desktop\xstfahim\node_
modules\react-dom\cjs\
react-dom.development.
js:24727:9)
    at commitLayoutEff
ects_begin (C:\Users\f
ahim\OneDrive\Desktop\
xstfahim\node_modules\
react-dom\cjs\react-do
m.development.js:24713
:7)
ReferenceError: 
IntersectionObserver 
is not defined
    at initIntersectio
nObserver (file:///C:/
Users/fahim/OneDrive/D
esktop/xstfahim/node_m
odules/framer-motion/d
ist/es/motion/features
/viewport/observers.mj
s:35:34)
    at 
observeIntersection (f
ile:///C:/Users/fahim/
OneDrive/Desktop/xstfa
him/node_modules/frame
r-motion/dist/es/motio
n/features/viewport/ob
servers.mjs:40:39)
    at InViewFeature.s
tartObserver (file:///
C:/Users/fahim/OneDriv
e/Desktop/xstfahim/nod
e_modules/framer-motio
n/dist/es/motion/featu
res/viewport/index.mjs
:52:16)
    at 
InViewFeature.mount (f
ile:///C:/Users/fahim/
OneDrive/Desktop/xstfa
him/node_modules/frame
r-motion/dist/es/motio
n/features/viewport/in
dex.mjs:55:14)
    at HTMLVisualEleme
nt.updateFeatures (fil
e:///C:/Users/fahim/On
eDrive/Desktop/xstfahi
m/node_modules/framer-
motion/dist/es/render/
VisualElement.mjs:262:
29)
    at file:///C:/User
s/fahim/OneDrive/Deskt
op/xstfahim/node_modul
es/framer-motion/dist/
es/motion/utils/use-vi
sual-element.mjs:70:23
    at commitHookEffec
tListMount (C:\Users\f
ahim\OneDrive\Desktop\
xstfahim\node_modules\
react-dom\cjs\react-do
m.development.js:23189
:26)
    at commitLayoutEff
ectOnFiber (C:\Users\f
ahim\OneDrive\Desktop\
xstfahim\node_modules\
react-dom\cjs\react-do
m.development.js:23312
:15)
    at commitLayoutMou
ntEffects_complete (C:
\Users\fahim\OneDrive\
Desktop\xstfahim\node_
modules\react-dom\cjs\
react-dom.development.
js:24727:9)
    at commitLayoutEff
ects_begin (C:\Users\f
ahim\OneDrive\Desktop\
xstfahim\node_modules\
react-dom\cjs\react-do
m.development.js:24713
:7)
ReferenceError: 
IntersectionObserver 
is not defined
    at initIntersectio
nObserver (file:///C:/
Users/fahim/OneDrive/D
esktop/xstfahim/node_m
odules/framer-motion/d
ist/es/motion/features
/viewport/observers.mj
s:35:34)
    at 
observeIntersection (f
ile:///C:/Users/fahim/
OneDrive/Desktop/xstfa
him/node_modules/frame
r-motion/dist/es/motio
n/features/viewport/ob
servers.mjs:40:39)
    at InViewFeature.s
tartObserver (file:///
C:/Users/fahim/OneDriv
e/Desktop/xstfahim/nod
e_modules/framer-motio
n/dist/es/motion/featu
res/viewport/index.mjs
:52:16)
    at 
InViewFeature.mount (f
ile:///C:/Users/fahim/
OneDrive/Desktop/xstfa
him/node_modules/frame
r-motion/dist/es/motio
n/features/viewport/in
dex.mjs:55:14)
    at HTMLVisualEleme
nt.updateFeatures (fil
e:///C:/Users/fahim/On
eDrive/Desktop/xstfahi
m/node_modules/framer-
motion/dist/es/render/
VisualElement.mjs:262:
29)
    at file:///C:/User
s/fahim/OneDrive/Deskt
op/xstfahim/node_modul
es/framer-motion/dist/
es/motion/utils/use-vi
sual-element.mjs:70:23
    at commitHookEffec
tListMount (C:\Users\f
ahim\OneDrive\Desktop\
xstfahim\node_modules\
react-dom\cjs\react-do
m.development.js:23189
:26)
    at commitLayoutEff
ectOnFiber (C:\Users\f
ahim\OneDrive\Desktop\
xstfahim\node_modules\
react-dom\cjs\react-do
m.development.js:23312
:15)
    at commitLayoutMou
ntEffects_complete (C:
\Users\fahim\OneDrive\
Desktop\xstfahim\node_
modules\react-dom\cjs\
react-dom.development.
js:24727:9)
    at commitLayoutEff
ects_begin (C:\Users\f
ahim\OneDrive\Desktop\
xstfahim\node_modules\
react-dom\cjs\react-do
m.development.js:24713
:7)
ReferenceError: 
IntersectionObserver 
is not defined
    at initIntersectio
nObserver (file:///C:/
Users/fahim/OneDrive/D
esktop/xstfahim/node_m
odules/framer-motion/d
ist/es/motion/features
/viewport/observers.mj
s:35:34)
    at 
observeIntersection (f
ile:///C:/Users/fahim/
OneDrive/Desktop/xstfa
him/node_modules/frame
r-motion/dist/es/motio
n/features/viewport/ob
servers.mjs:40:39)
    at InViewFeature.s
tartObserver (file:///
C:/Users/fahim/OneDriv
e/Desktop/xstfahim/nod
e_modules/framer-motio
n/dist/es/motion/featu
res/viewport/index.mjs
:52:16)
    at 
InViewFeature.mount (f
ile:///C:/Users/fahim/
OneDrive/Desktop/xstfa
him/node_modules/frame
r-motion/dist/es/motio
n/features/viewport/in
dex.mjs:55:14)
    at HTMLVisualEleme
nt.updateFeatures (fil
e:///C:/Users/fahim/On
eDrive/Desktop/xstfahi
m/node_modules/framer-
motion/dist/es/render/
VisualElement.mjs:262:
29)
    at file:///C:/User
s/fahim/OneDrive/Deskt
op/xstfahim/node_modul
es/framer-motion/dist/
es/motion/utils/use-vi
sual-element.mjs:70:23
    at commitHookEffec
tListMount (C:\Users\f
ahim\OneDrive\Desktop\
xstfahim\node_modules\
react-dom\cjs\react-do
m.development.js:23189
:26)
    at commitLayoutEff
ectOnFiber (C:\Users\f
ahim\OneDrive\Desktop\
xstfahim\node_modules\
react-dom\cjs\react-do
m.development.js:23312
:15)
    at commitLayoutMou
ntEffects_complete (C:
\Users\fahim\OneDrive\
Desktop\xstfahim\node_
modules\react-dom\cjs\
react-dom.development.
js:24727:9)
    at commitLayoutEff
ects_begin (C:\Users\f
ahim\OneDrive\Desktop\
xstfahim\node_modules\
react-dom\cjs\react-do
m.development.js:24713
:7)
stderr | 
src/App.test.jsx > 
App > renders the 
hero section with 
correct text
The above error 
occurred in the <Forwa
rdRef(motion.div)> 
component:

    at 
MotionComponent (file:
///C:/Users/fahim/OneD
rive/Desktop/xstfahim/
node_modules/framer-mo
tion/dist/es/motion/in
dex.mjs:36:16)
    at div
    at div
    at 
MotionComponent (file:
///C:/Users/fahim/OneD
rive/Desktop/xstfahim/
node_modules/framer-mo
tion/dist/es/motion/in
dex.mjs:36:16)
    at section
    at About
    at main
    at div
    at Layout (C:/User
s/fahim/OneDrive/Deskt
op/xstfahim/src/compon
ents/Layout.jsx:8:19)
    at App

Consider adding an 
error boundary to 
your tree to 
customize error 
handling behavior.
Visit https://reactjs.
org/link/error-boundar
ies to learn more 
about error 
boundaries.
The above error 
occurred in the <Forwa
rdRef(motion.div)> 
component:

    at 
MotionComponent (file:
///C:/Users/fahim/OneD
rive/Desktop/xstfahim/
node_modules/framer-mo
tion/dist/es/motion/in
dex.mjs:36:16)
    at div
    at div
    at 
MotionComponent (file:
///C:/Users/fahim/OneD
rive/Desktop/xstfahim/
node_modules/framer-mo
tion/dist/es/motion/in
dex.mjs:36:16)
    at section
    at About
    at main
    at div
    at Layout (C:/User
s/fahim/OneDrive/Deskt
op/xstfahim/src/compon
ents/Layout.jsx:8:19)
    at App

Consider adding an 
error boundary to 
your tree to 
customize error 
handling behavior.
Visit https://reactjs.
org/link/error-boundar
ies to learn more 
about error 
boundaries.
The above error 
occurred in the <Forwa
rdRef(motion.div)> 
component:

    at 
MotionComponent (file:
///C:/Users/fahim/OneD
rive/Desktop/xstfahim/
node_modules/framer-mo
tion/dist/es/motion/in
dex.mjs:36:16)
    at div
    at div
    at 
MotionComponent (file:
///C:/Users/fahim/OneD
rive/Desktop/xstfahim/
node_modules/framer-mo
tion/dist/es/motion/in
dex.mjs:36:16)
    at section
    at About
    at main
    at div
    at Layout (C:/User
s/fahim/OneDrive/Deskt
op/xstfahim/src/compon
ents/Layout.jsx:8:19)
    at App

Consider adding an 
error boundary to 
your tree to 
customize error 
handling behavior.
Visit https://reactjs.
org/link/error-boundar
ies to learn more 
about error 
boundaries.
The above error 
occurred in the <Forwa
rdRef(motion.div)> 
component:

    at 
MotionComponent (file:
///C:/Users/fahim/OneD
rive/Desktop/xstfahim/
node_modules/framer-mo
tion/dist/es/motion/in
dex.mjs:36:16)
    at div
    at div
    at 
MotionComponent (file:
///C:/Users/fahim/OneD
rive/Desktop/xstfahim/
node_modules/framer-mo
tion/dist/es/motion/in
dex.mjs:36:16)
    at section
    at About
    at main
    at div
    at Layout (C:/User
s/fahim/OneDrive/Deskt
op/xstfahim/src/compon
ents/Layout.jsx:8:19)
    at App

Consider adding an 
error boundary to 
your tree to 
customize error 
handling behavior.
Visit https://reactjs.
org/link/error-boundar
ies to learn more 
about error 
boundaries.
The above error 
occurred in the <Forwa
rdRef(motion.div)> 
component:

    at 
MotionComponent (file:
///C:/Users/fahim/OneD
rive/Desktop/xstfahim/
node_modules/framer-mo
tion/dist/es/motion/in
dex.mjs:36:16)
    at section
    at About
    at main
    at div
    at Layout (C:/User
s/fahim/OneDrive/Deskt
op/xstfahim/src/compon
ents/Layout.jsx:8:19)
    at App

Consider adding an 
error boundary to 
your tree to 
customize error 
handling behavior.
Visit https://reactjs.
org/link/error-boundar
ies to learn more 
about error 
boundaries.
The above error 
occurred in the <Forwa
rdRef(motion.div)> 
component:

    at 
MotionComponent (file:
///C:/Users/fahim/OneD
rive/Desktop/xstfahim/
node_modules/framer-mo
tion/dist/es/motion/in
dex.mjs:36:16)
    at div
    at div
    at 
MotionComponent (file:
///C:/Users/fahim/OneD
rive/Desktop/xstfahim/
node_modules/framer-mo
tion/dist/es/motion/in
dex.mjs:36:16)
    at section
    at Projects
    at main
    at div
    at Layout (C:/User
s/fahim/OneDrive/Deskt
op/xstfahim/src/compon
ents/Layout.jsx:8:19)
    at App

Consider adding an 
error boundary to 
your tree to 
customize error 
handling behavior.
Visit https://reactjs.
org/link/error-boundar
ies to learn more 
about error 
boundaries.
The above error 
occurred in the <Forwa
rdRef(motion.div)> 
component:

    at 
MotionComponent (file:
///C:/Users/fahim/OneD
rive/Desktop/xstfahim/
node_modules/framer-mo
tion/dist/es/motion/in
dex.mjs:36:16)
    at div
    at div
    at 
MotionComponent (file:
///C:/Users/fahim/OneD
rive/Desktop/xstfahim/
node_modules/framer-mo
tion/dist/es/motion/in
dex.mjs:36:16)
    at section
    at Projects
    at main
    at div
    at Layout (C:/User
s/fahim/OneDrive/Deskt
op/xstfahim/src/compon
ents/Layout.jsx:8:19)
    at App

Consider adding an 
error boundary to 
your tree to 
customize error 
handling behavior.
Visit https://reactjs.
org/link/error-boundar
ies to learn more 
about error 
boundaries.
The above error 
occurred in the <Forwa
rdRef(motion.div)> 
component:

    at 
MotionComponent (file:
///C:/Users/fahim/OneD
rive/Desktop/xstfahim/
node_modules/framer-mo
tion/dist/es/motion/in
dex.mjs:36:16)
    at div
    at div
    at 
MotionComponent (file:
///C:/Users/fahim/OneD
rive/Desktop/xstfahim/
node_modules/framer-mo
tion/dist/es/motion/in
dex.mjs:36:16)
    at section
    at Projects
    at main
    at div
    at Layout (C:/User
s/fahim/OneDrive/Deskt
op/xstfahim/src/compon
ents/Layout.jsx:8:19)
    at App

Consider adding an 
error boundary to 
your tree to 
customize error 
handling behavior.
Visit https://reactjs.
org/link/error-boundar
ies to learn more 
about error 
boundaries.
The above error 
occurred in the <Forwa
rdRef(motion.div)> 
component:

    at 
MotionComponent (file:
///C:/Users/fahim/OneD
rive/Desktop/xstfahim/
node_modules/framer-mo
tion/dist/es/motion/in
dex.mjs:36:16)
    at section
    at Projects
    at main
    at div
    at Layout (C:/User
s/fahim/OneDrive/Deskt
op/xstfahim/src/compon
ents/Layout.jsx:8:19)
    at App

Consider adding an 
error boundary to 
your tree to 
customize error 
handling behavior.
Visit https://reactjs.
org/link/error-boundar
ies to learn more 
about error 
boundaries.
The above error 
occurred in the <Forwa
rdRef(motion.div)> 
component:

    at 
MotionComponent (file:
///C:/Users/fahim/OneD
rive/Desktop/xstfahim/
node_modules/framer-mo
tion/dist/es/motion/in
dex.mjs:36:16)
    at section
    at Contact
    at main
    at div
    at Layout (C:/User
s/fahim/OneDrive/Deskt
op/xstfahim/src/compon
ents/Layout.jsx:8:19)
    at App

Consider adding an 
error boundary to 
your tree to 
customize error 
handling behavior.
Visit https://reactjs.
org/link/error-boundar
ies to learn more 
about error 
boundaries.

ReferenceError: 
IntersectionObserver 
is not defined
    at initIntersectio
nObserver (file:///C:/
Users/fahim/OneDrive/D
esktop/xstfahim/node_m
odules/framer-motion/d
ist/es/motion/features
/viewport/observers.mj
s:35:34)
    at 
observeIntersection (f
ile:///C:/Users/fahim/
OneDrive/Desktop/xstfa
him/node_modules/frame
r-motion/dist/es/motio
n/features/viewport/ob
servers.mjs:40:39)
    at InViewFeature.s
tartObserver (file:///
C:/Users/fahim/OneDriv
e/Desktop/xstfahim/nod
e_modules/framer-motio
n/dist/es/motion/featu
res/viewport/index.mjs
:52:16)
    at 
InViewFeature.mount (f
ile:///C:/Users/fahim/
OneDrive/Desktop/xstfa
him/node_modules/frame
r-motion/dist/es/motio
n/features/viewport/in
dex.mjs:55:14)
    at HTMLVisualEleme
nt.updateFeatures (fil
e:///C:/Users/fahim/On
eDrive/Desktop/xstfahi
m/node_modules/framer-
motion/dist/es/render/
VisualElement.mjs:262:
29)
    at file:///C:/User
s/fahim/OneDrive/Deskt
op/xstfahim/node_modul
es/framer-motion/dist/
es/motion/utils/use-vi
sual-element.mjs:70:23
    at commitHookEffec
tListMount (C:\Users\f
ahim\OneDrive\Desktop\
xstfahim\node_modules\
react-dom\cjs\react-do
m.development.js:23189
:26)
    at commitLayoutEff
ectOnFiber (C:\Users\f
ahim\OneDrive\Desktop\
xstfahim\node_modules\
react-dom\cjs\react-do
m.development.js:23312
:15)
    at commitLayoutMou
ntEffects_complete (C:
\Users\fahim\OneDrive\
Desktop\xstfahim\node_
modules\react-dom\cjs\
react-dom.development.
js:24727:9)
    at commitLayoutEff
ects_begin (C:\Users\f
ahim\OneDrive\Desktop\
xstfahim\node_modules\
react-dom\cjs\react-do
m.development.js:24713
:7)
ReferenceError: 
IntersectionObserver 
is not defined
    at initIntersectio
nObserver (file:///C:/
Users/fahim/OneDrive/D
esktop/xstfahim/node_m
odules/framer-motion/d
ist/es/motion/features
/viewport/observers.mj
s:35:34)
    at 
observeIntersection (f
ile:///C:/Users/fahim/
OneDrive/Desktop/xstfa
him/node_modules/frame
r-motion/dist/es/motio
n/features/viewport/ob
servers.mjs:40:39)
    at InViewFeature.s
tartObserver (file:///
C:/Users/fahim/OneDriv
e/Desktop/xstfahim/nod
e_modules/framer-motio
n/dist/es/motion/featu
res/viewport/index.mjs
:52:16)
    at 
InViewFeature.mount (f
ile:///C:/Users/fahim/
OneDrive/Desktop/xstfa
him/node_modules/frame
r-motion/dist/es/motio
n/features/viewport/in
dex.mjs:55:14)
    at HTMLVisualEleme
nt.updateFeatures (fil
e:///C:/Users/fahim/On
eDrive/Desktop/xstfahi
m/node_modules/framer-
motion/dist/es/render/
VisualElement.mjs:262:
29)
    at file:///C:/User
s/fahim/OneDrive/Deskt
op/xstfahim/node_modul
es/framer-motion/dist/
es/motion/utils/use-vi
sual-element.mjs:70:23
    at commitHookEffec
tListMount (C:\Users\f
ahim\OneDrive\Desktop\
xstfahim\node_modules\
react-dom\cjs\react-do
m.development.js:23189
:26)
    at commitLayoutEff
ectOnFiber (C:\Users\f
ahim\OneDrive\Desktop\
xstfahim\node_modules\
react-dom\cjs\react-do
m.development.js:23312
:15)
    at commitLayoutMou
ntEffects_complete (C:
\Users\fahim\OneDrive\
Desktop\xstfahim\node_
modules\react-dom\cjs\
react-dom.development.
js:24727:9)
    at commitLayoutEff
ects_begin (C:\Users\f
ahim\OneDrive\Desktop\
xstfahim\node_modules\
react-dom\cjs\react-do
m.development.js:24713
:7)
stderr | 
src/App.test.jsx > 
App > renders the 
navigation links
The above error 
occurred in the <Forwa
rdRef(motion.div)> 
component:

    at 
MotionComponent (file:
///C:/Users/fahim/OneD
rive/Desktop/xstfahim/
node_modules/framer-mo
tion/dist/es/motion/in
dex.mjs:36:16)
    at div
    at div
    at 
MotionComponent (file:
///C:/Users/fahim/OneD
rive/Desktop/xstfahim/
node_modules/framer-mo
tion/dist/es/motion/in
dex.mjs:36:16)
    at section
    at About
    at main
    at div
    at Layout (C:/User
s/fahim/OneDrive/Deskt
op/xstfahim/src/compon
ents/Layout.jsx:8:19)
    at App

Consider adding an 
error boundary to 
your tree to 
customize error 
handling behavior.
Visit https://reactjs.
org/link/error-boundar
ies to learn more 
about error 
boundaries.
The above error 
occurred in the <Forwa
rdRef(motion.div)> 
component:

    at 
MotionComponent (file:
///C:/Users/fahim/OneD
rive/Desktop/xstfahim/
node_modules/framer-mo
tion/dist/es/motion/in
dex.mjs:36:16)
    at div
    at div
    at 
MotionComponent (file:
///C:/Users/fahim/OneD
rive/Desktop/xstfahim/
node_modules/framer-mo
tion/dist/es/motion/in
dex.mjs:36:16)
    at section
    at About
    at main
    at div
    at Layout (C:/User
s/fahim/OneDrive/Deskt
op/xstfahim/src/compon
ents/Layout.jsx:8:19)
    at App

Consider adding an 
error boundary to 
your tree to 
customize error 
handling behavior.
Visit https://reactjs.
org/link/error-boundar
ies to learn more 
about error 
boundaries.
The above error 
occurred in the <Forwa
rdRef(motion.div)> 
component:

    at 
MotionComponent (file:
///C:/Users/fahim/OneD
rive/Desktop/xstfahim/
node_modules/framer-mo
tion/dist/es/motion/in
dex.mjs:36:16)
    at div
    at div
    at 
MotionComponent (file:
///C:/Users/fahim/OneD
rive/Desktop/xstfahim/
node_modules/framer-mo
tion/dist/es/motion/in
dex.mjs:36:16)
    at section
    at About
    at main
    at div
    at Layout (C:/User
s/fahim/OneDrive/Deskt
op/xstfahim/src/compon
ents/Layout.jsx:8:19)
    at App

Consider adding an 
error boundary to 
your tree to 
customize error 
handling behavior.
Visit https://reactjs.
org/link/error-boundar
ies to learn more 
about error 
boundaries.
The above error 
occurred in the <Forwa
rdRef(motion.div)> 
component:

    at 
MotionComponent (file:
///C:/Users/fahim/OneD
rive/Desktop/xstfahim/
node_modules/framer-mo
tion/dist/es/motion/in
dex.mjs:36:16)
    at div
    at div
    at 
MotionComponent (file:
///C:/Users/fahim/OneD
rive/Desktop/xstfahim/
node_modules/framer-mo
tion/dist/es/motion/in
dex.mjs:36:16)
    at section
    at About
    at main
    at div
    at Layout (C:/User
s/fahim/OneDrive/Deskt
op/xstfahim/src/compon
ents/Layout.jsx:8:19)
    at App

Consider adding an 
error boundary to 
your tree to 
customize error 
handling behavior.
Visit https://reactjs.
org/link/error-boundar
ies to learn more 
about error 
boundaries.
The above error 
occurred in the <Forwa
rdRef(motion.div)> 
component:

    at 
MotionComponent (file:
///C:/Users/fahim/OneD
rive/Desktop/xstfahim/
node_modules/framer-mo
tion/dist/es/motion/in
dex.mjs:36:16)
    at section
    at About
    at main
    at div
    at Layout (C:/User
s/fahim/OneDrive/Deskt
op/xstfahim/src/compon
ents/Layout.jsx:8:19)
    at App

Consider adding an 
error boundary to 
your tree to 
customize error 
handling behavior.
Visit https://reactjs.
org/link/error-boundar
ies to learn more 
about error 
boundaries.
The above error 
occurred in the <Forwa
rdRef(motion.div)> 
component:

    at 
MotionComponent (file:
///C:/Users/fahim/OneD
rive/Desktop/xstfahim/
node_modules/framer-mo
tion/dist/es/motion/in
dex.mjs:36:16)
    at div
    at div
    at 
MotionComponent (file:
///C:/Users/fahim/OneD
rive/Desktop/xstfahim/
node_modules/framer-mo
tion/dist/es/motion/in
dex.mjs:36:16)
    at section
    at Projects
    at main
    at div
    at Layout (C:/User
s/fahim/OneDrive/Deskt
op/xstfahim/src/compon
ents/Layout.jsx:8:19)
    at App

Consider adding an 
error boundary to 
your tree to 
customize error 
handling behavior.
Visit https://reactjs.
org/link/error-boundar
ies to learn more 
about error 
boundaries.
The above error 
occurred in the <Forwa
rdRef(motion.div)> 
component:

    at 
MotionComponent (file:
///C:/Users/fahim/OneD
rive/Desktop/xstfahim/
node_modules/framer-mo
tion/dist/es/motion/in
dex.mjs:36:16)
    at div
    at div
    at 
MotionComponent (file:
///C:/Users/fahim/OneD
rive/Desktop/xstfahim/
node_modules/framer-mo
tion/dist/es/motion/in
dex.mjs:36:16)
    at section
    at Projects
    at main
    at div
    at Layout (C:/User
s/fahim/OneDrive/Deskt
op/xstfahim/src/compon
ents/Layout.jsx:8:19)
    at App

Consider adding an 
error boundary to 
your tree to 
customize error 
handling behavior.
Visit https://reactjs.
org/link/error-boundar
ies to learn more 
about error 
boundaries.
The above error 
occurred in the <Forwa
rdRef(motion.div)> 
component:

    at 
MotionComponent (file:
///C:/Users/fahim/OneD
rive/Desktop/xstfahim/
node_modules/framer-mo
tion/dist/es/motion/in
dex.mjs:36:16)
    at div
    at div
    at 
MotionComponent (file:
///C:/Users/fahim/OneD
rive/Desktop/xstfahim/
node_modules/framer-mo
tion/dist/es/motion/in
dex.mjs:36:16)
    at section
    at Projects
    at main
    at div
    at Layout (C:/User
s/fahim/OneDrive/Deskt
op/xstfahim/src/compon
ents/Layout.jsx:8:19)
    at App

Consider adding an 
error boundary to 
your tree to 
customize error 
handling behavior.
Visit https://reactjs.
org/link/error-boundar
ies to learn more 
about error 
boundaries.
The above error 
occurred in the <Forwa
rdRef(motion.div)> 
component:

    at 
MotionComponent (file:
///C:/Users/fahim/OneD
rive/Desktop/xstfahim/
node_modules/framer-mo
tion/dist/es/motion/in
dex.mjs:36:16)
    at section
    at Projects
    at main
    at div
    at Layout (C:/User
s/fahim/OneDrive/Deskt
op/xstfahim/src/compon
ents/Layout.jsx:8:19)
    at App

Consider adding an 
error boundary to 
your tree to 
customize error 
handling behavior.
Visit https://reactjs.
org/link/error-boundar
ies to learn more 
about error 
boundaries.
The above error 
occurred in the <Forwa
rdRef(motion.div)> 
component:

    at 
MotionComponent (file:
///C:/Users/fahim/OneD
rive/Desktop/xstfahim/
node_modules/framer-mo
tion/dist/es/motion/in
dex.mjs:36:16)
    at section
    at Contact
    at main
    at div
    at Layout (C:/User
s/fahim/OneDrive/Deskt
op/xstfahim/src/compon
ents/Layout.jsx:8:19)
    at App

Consider adding an 
error boundary to 
your tree to 
customize error 
handling behavior.
Visit https://reactjs.
org/link/error-boundar
ies to learn more 
about error 
boundaries.

ReferenceError: 
IntersectionObserver 
is not defined
    at initIntersectio
nObserver (file:///C:/
Users/fahim/OneDrive/D
esktop/xstfahim/node_m
odules/framer-motion/d
ist/es/motion/features
/viewport/observers.mj
s:35:34)
    at 
observeIntersection (f
ile:///C:/Users/fahim/
OneDrive/Desktop/xstfa
him/node_modules/frame
r-motion/dist/es/motio
n/features/viewport/ob
servers.mjs:40:39)
    at InViewFeature.s
tartObserver (file:///
C:/Users/fahim/OneDriv
e/Desktop/xstfahim/nod
e_modules/framer-motio
n/dist/es/motion/featu
res/viewport/index.mjs
:52:16)
    at 
InViewFeature.mount (f
ile:///C:/Users/fahim/
OneDrive/Desktop/xstfa
him/node_modules/frame
r-motion/dist/es/motio
n/features/viewport/in
dex.mjs:55:14)
    at HTMLVisualEleme
nt.updateFeatures (fil
e:///C:/Users/fahim/On
eDrive/Desktop/xstfahi
m/node_modules/framer-
motion/dist/es/render/
VisualElement.mjs:262:
29)
    at file:///C:/User
s/fahim/OneDrive/Deskt
op/xstfahim/node_modul
es/framer-motion/dist/
es/motion/utils/use-vi
sual-element.mjs:70:23
    at commitHookEffec
tListMount (C:\Users\f
ahim\OneDrive\Desktop\
xstfahim\node_modules\
react-dom\cjs\react-do
m.development.js:23189
:26)
    at commitLayoutEff
ectOnFiber (C:\Users\f
ahim\OneDrive\Desktop\
xstfahim\node_modules\
react-dom\cjs\react-do
m.development.js:23312
:15)
    at commitLayoutMou
ntEffects_complete (C:
\Users\fahim\OneDrive\
Desktop\xstfahim\node_
modules\react-dom\cjs\
react-dom.development.
js:24727:9)
    at commitLayoutEff
ects_begin (C:\Users\f
ahim\OneDrive\Desktop\
xstfahim\node_modules\
react-dom\cjs\react-do
m.development.js:24713
:7)
ReferenceError: 
IntersectionObserver 
is not defined
    at initIntersectio
nObserver (file:///C:/
Users/fahim/OneDrive/D
esktop/xstfahim/node_m
odules/framer-motion/d
ist/es/motion/features
/viewport/observers.mj
s:35:34)
    at 
observeIntersection (f
ile:///C:/Users/fahim/
OneDrive/Desktop/xstfa
him/node_modules/frame
r-motion/dist/es/motio
n/features/viewport/ob
servers.mjs:40:39)
    at InViewFeature.s
tartObserver (file:///
C:/Users/fahim/OneDriv
e/Desktop/xstfahim/nod
e_modules/framer-motio
n/dist/es/motion/featu
res/viewport/index.mjs
:52:16)
    at 
InViewFeature.mount (f
ile:///C:/Users/fahim/
OneDrive/Desktop/xstfa
him/node_modules/frame
r-motion/dist/es/motio
n/features/viewport/in
dex.mjs:55:14)
    at HTMLVisualEleme
nt.updateFeatures (fil
e:///C:/Users/fahim/On
eDrive/Desktop/xstfahi
m/node_modules/framer-
motion/dist/es/render/
VisualElement.mjs:262:
29)
    at file:///C:/User
s/fahim/OneDrive/Deskt
op/xstfahim/node_modul
es/framer-motion/dist/
es/motion/utils/use-vi
sual-element.mjs:70:23
    at commitHookEffec
tListMount (C:\Users\f
ahim\OneDrive\Desktop\
xstfahim\node_modules\
react-dom\cjs\react-do
m.development.js:23189
:26)
    at commitLayoutEff
ectOnFiber (C:\Users\f
ahim\OneDrive\Desktop\
xstfahim\node_modules\
react-dom\cjs\react-do
m.development.js:23312
:15)
    at commitLayoutMou
ntEffects_complete (C:
\Users\fahim\OneDrive\
Desktop\xstfahim\node_
modules\react-dom\cjs\
react-dom.development.
js:24727:9)
    at commitLayoutEff
ects_begin (C:\Users\f
ahim\OneDrive\Desktop\
xstfahim\node_modules\
react-dom\cjs\react-do
m.development.js:24713
:7)
ReferenceError: 
IntersectionObserver 
is not defined
    at initIntersectio
nObserver (file:///C:/
Users/fahim/OneDrive/D
esktop/xstfahim/node_m
odules/framer-motion/d
ist/es/motion/features
/viewport/observers.mj
s:35:34)
    at 
observeIntersection (f
ile:///C:/Users/fahim/
OneDrive/Desktop/xstfa
him/node_modules/frame
r-motion/dist/es/motio
n/features/viewport/ob
servers.mjs:40:39)
    at InViewFeature.s
tartObserver (file:///
C:/Users/fahim/OneDriv
e/Desktop/xstfahim/nod
e_modules/framer-motio
n/dist/es/motion/featu
res/viewport/index.mjs
:52:16)
    at 
InViewFeature.mount (f
ile:///C:/Users/fahim/
OneDrive/Desktop/xstfa
him/node_modules/frame
r-motion/dist/es/motio
n/features/viewport/in
dex.mjs:55:14)
    at HTMLVisualEleme
nt.updateFeatures (fil
e:///C:/Users/fahim/On
eDrive/Desktop/xstfahi
m/node_modules/framer-
motion/dist/es/render/
VisualElement.mjs:262:
29)
    at file:///C:/User
s/fahim/OneDrive/Deskt
op/xstfahim/node_modul
es/framer-motion/dist/
es/motion/utils/use-vi
sual-element.mjs:70:23
    at commitHookEffec
tListMount (C:\Users\f
ahim\OneDrive\Desktop\
xstfahim\node_modules\
react-dom\cjs\react-do
m.development.js:23189
:26)
    at commitLayoutEff
ectOnFiber (C:\Users\f
ahim\OneDrive\Desktop\
xstfahim\node_modules\
react-dom\cjs\react-do
m.development.js:23312
:15)
    at commitLayoutMou
ntEffects_complete (C:
\Users\fahim\OneDrive\
Desktop\xstfahim\node_
modules\react-dom\cjs\
react-dom.development.
js:24727:9)
    at commitLayoutEff
ects_begin (C:\Users\f
ahim\OneDrive\Desktop\
xstfahim\node_modules\
react-dom\cjs\react-do
m.development.js:24713
:7)
ReferenceError: 
IntersectionObserver 
is not defined
    at initIntersectio
nObserver (file:///C:/
Users/fahim/OneDrive/D
esktop/xstfahim/node_m
odules/framer-motion/d
ist/es/motion/features
/viewport/observers.mj
s:35:34)
    at 
observeIntersection (f
ile:///C:/Users/fahim/
OneDrive/Desktop/xstfa
him/node_modules/frame
r-motion/dist/es/motio
n/features/viewport/ob
servers.mjs:40:39)
    at InViewFeature.s
tartObserver (file:///
C:/Users/fahim/OneDriv
e/Desktop/xstfahim/nod
e_modules/framer-motio
n/dist/es/motion/featu
res/viewport/index.mjs
:52:16)
    at 
InViewFeature.mount (f
ile:///C:/Users/fahim/
OneDrive/Desktop/xstfa
him/node_modules/frame
r-motion/dist/es/motio
n/features/viewport/in
dex.mjs:55:14)
    at HTMLVisualEleme
nt.updateFeatures (fil
e:///C:/Users/fahim/On
eDrive/Desktop/xstfahi
m/node_modules/framer-
motion/dist/es/render/
VisualElement.mjs:262:
29)
    at file:///C:/User
s/fahim/OneDrive/Deskt
op/xstfahim/node_modul
es/framer-motion/dist/
es/motion/utils/use-vi
sual-element.mjs:70:23
    at commitHookEffec
tListMount (C:\Users\f
ahim\OneDrive\Desktop\
xstfahim\node_modules\
react-dom\cjs\react-do
m.development.js:23189
:26)
    at commitLayoutEff
ectOnFiber (C:\Users\f
ahim\OneDrive\Desktop\
xstfahim\node_modules\
react-dom\cjs\react-do
m.development.js:23312
:15)
    at commitLayoutMou
ntEffects_complete (C:
\Users\fahim\OneDrive\
Desktop\xstfahim\node_
modules\react-dom\cjs\
react-dom.development.
js:24727:9)
 Γ¥» src/App.test.jsx (2 tests | 2 failed) 262ms
     ├ù renders the hero section with correct text 149ms
     ├ù renders the navigation links 105ms
    at commitLayoutEff
ects_begin (C:\Users\f
ahim\OneDrive\Desktop\
xstfahim\node_modules\
react-dom\cjs\react-do
m.development.js:24713
:7)
ReferenceError: 
IntersectionObserver 
is not defined
    at initIntersectio
nObserver (file:///C:/
Users/fahim/OneDrive/D
esktop/xstfahim/node_m
odules/framer-motion/d
ist/es/motion/features
/viewport/observers.mj
s:35:34)
    at 
observeIntersection (f
ile:///C:/Users/fahim/
OneDrive/Desktop/xstfa
him/node_modules/frame
r-motion/dist/es/motio
n/features/viewport/ob
servers.mjs:40:39)
    at InViewFeature.s
tartObserver (file:///
C:/Users/fahim/OneDriv
e/Desktop/xstfahim/nod
e_modules/framer-motio
n/dist/es/motion/featu
res/viewport/index.mjs
:52:16)
    at 
InViewFeature.mount (f
ile:///C:/Users/fahim/
OneDrive/Desktop/xstfa
him/node_modules/frame
r-motion/dist/es/motio
n/features/viewport/in
dex.mjs:55:14)
    at HTMLVisualEleme
nt.updateFeatures (fil
e:///C:/Users/fahim/On
eDrive/Desktop/xstfahi
m/node_modules/framer-
motion/dist/es/render/
VisualElement.mjs:262:
29)
    at file:///C:/User
s/fahim/OneDrive/Deskt
op/xstfahim/node_modul
es/framer-motion/dist/
es/motion/utils/use-vi
sual-element.mjs:70:23
    at commitHookEffec
tListMount (C:\Users\f
ahim\OneDrive\Desktop\
xstfahim\node_modules\
react-dom\cjs\react-do
m.development.js:23189
:26)
    at commitLayoutEff
ectOnFiber (C:\Users\f
ahim\OneDrive\Desktop\
xstfahim\node_modules\
react-dom\cjs\react-do
m.development.js:23312
:15)
    at commitLayoutMou
ntEffects_complete (C:
\Users\fahim\OneDrive\
Desktop\xstfahim\node_
modules\react-dom\cjs\
react-dom.development.
js:24727:9)
    at commitLayoutEff
ects_begin (C:\Users\f
ahim\OneDrive\Desktop\
xstfahim\node_modules\
react-dom\cjs\react-do
m.development.js:24713
:7)
ReferenceError: 
IntersectionObserver 
is not defined
    at initIntersectio
nObserver (file:///C:/
Users/fahim/OneDrive/D
esktop/xstfahim/node_m
odules/framer-motion/d
ist/es/motion/features
/viewport/observers.mj
s:35:34)
    at 
observeIntersection (f
ile:///C:/Users/fahim/
OneDrive/Desktop/xstfa
him/node_modules/frame
r-motion/dist/es/motio
n/features/viewport/ob
servers.mjs:40:39)
    at InViewFeature.s
tartObserver (file:///
C:/Users/fahim/OneDriv
e/Desktop/xstfahim/nod
e_modules/framer-motio
n/dist/es/motion/featu
res/viewport/index.mjs
:52:16)
    at 
InViewFeature.mount (f
ile:///C:/Users/fahim/
OneDrive/Desktop/xstfa
him/node_modules/frame
r-motion/dist/es/motio
n/features/viewport/in
dex.mjs:55:14)
    at HTMLVisualEleme
nt.updateFeatures (fil
e:///C:/Users/fahim/On
eDrive/Desktop/xstfahi
m/node_modules/framer-
motion/dist/es/render/
VisualElement.mjs:262:
29)
    at file:///C:/User
s/fahim/OneDrive/Deskt
op/xstfahim/node_modul
es/framer-motion/dist/
es/motion/utils/use-vi
sual-element.mjs:70:23
    at commitHookEffec
tListMount (C:\Users\f
ahim\OneDrive\Desktop\
xstfahim\node_modules\
react-dom\cjs\react-do
m.development.js:23189
:26)
    at commitLayoutEff
ectOnFiber (C:\Users\f
ahim\OneDrive\Desktop\
xstfahim\node_modules\
react-dom\cjs\react-do
m.development.js:23312
:15)
    at commitLayoutMou
ntEffects_complete (C:
\Users\fahim\OneDrive\
Desktop\xstfahim\node_
modules\react-dom\cjs\
react-dom.development.
js:24727:9)
    at commitLayoutEff
ects_begin (C:\Users\f
ahim\OneDrive\Desktop\
xstfahim\node_modules\
react-dom\cjs\react-do
m.development.js:24713
:7)
ReferenceError: 
IntersectionObserver 
is not defined
    at initIntersectio
nObserver (file:///C:/
Users/fahim/OneDrive/D
esktop/xstfahim/node_m
odules/framer-motion/d
ist/es/motion/features
/viewport/observers.mj
s:35:34)
    at 
observeIntersection (f
ile:///C:/Users/fahim/
OneDrive/Desktop/xstfa
him/node_modules/frame
r-motion/dist/es/motio
n/features/viewport/ob
servers.mjs:40:39)
    at InViewFeature.s
tartObserver (file:///
C:/Users/fahim/OneDriv
e/Desktop/xstfahim/nod
e_modules/framer-motio
n/dist/es/motion/featu
res/viewport/index.mjs
:52:16)
    at 
InViewFeature.mount (f
ile:///C:/Users/fahim/
OneDrive/Desktop/xstfa
him/node_modules/frame
r-motion/dist/es/motio
n/features/viewport/in
dex.mjs:55:14)
    at HTMLVisualEleme
nt.updateFeatures (fil
e:///C:/Users/fahim/On
eDrive/Desktop/xstfahi
m/node_modules/framer-
motion/dist/es/render/
VisualElement.mjs:262:
29)
    at file:///C:/User
s/fahim/OneDrive/Deskt
op/xstfahim/node_modul
es/framer-motion/dist/
es/motion/utils/use-vi
sual-element.mjs:70:23
    at commitHookEffec
tListMount (C:\Users\f
ahim\OneDrive\Desktop\
xstfahim\node_modules\
react-dom\cjs\react-do
m.development.js:23189
:26)
    at commitLayoutEff
ectOnFiber (C:\Users\f
ahim\OneDrive\Desktop\
xstfahim\node_modules\
react-dom\cjs\react-do
m.development.js:23312
:15)
    at commitLayoutMou
ntEffects_complete (C:
\Users\fahim\OneDrive\
Desktop\xstfahim\node_
modules\react-dom\cjs\
react-dom.development.
js:24727:9)
    at commitLayoutEff
ects_begin (C:\Users\f
ahim\OneDrive\Desktop\
xstfahim\node_modules\
react-dom\cjs\react-do
m.development.js:24713
:7)
ReferenceError: 
IntersectionObserver 
is not defined
    at initIntersectio
nObserver (file:///C:/
Users/fahim/OneDrive/D
esktop/xstfahim/node_m
odules/framer-motion/d
ist/es/motion/features
/viewport/observers.mj
s:35:34)
    at 
observeIntersection (f
ile:///C:/Users/fahim/
OneDrive/Desktop/xstfa
him/node_modules/frame
r-motion/dist/es/motio
n/features/viewport/ob
servers.mjs:40:39)
    at InViewFeature.s
tartObserver (file:///
C:/Users/fahim/OneDriv
e/Desktop/xstfahim/nod
e_modules/framer-motio
n/dist/es/motion/featu
res/viewport/index.mjs
:52:16)
    at 
InViewFeature.mount (f
ile:///C:/Users/fahim/
OneDrive/Desktop/xstfa
him/node_modules/frame
r-motion/dist/es/motio
n/features/viewport/in
dex.mjs:55:14)
    at HTMLVisualEleme
nt.updateFeatures (fil
e:///C:/Users/fahim/On
eDrive/Desktop/xstfahi
m/node_modules/framer-
motion/dist/es/render/
VisualElement.mjs:262:
29)
    at file:///C:/User
s/fahim/OneDrive/Deskt
op/xstfahim/node_modul
es/framer-motion/dist/
es/motion/utils/use-vi
sual-element.mjs:70:23
    at commitHookEffec
tListMount (C:\Users\f
ahim\OneDrive\Desktop\
xstfahim\node_modules\
react-dom\cjs\react-do
m.development.js:23189
:26)
    at commitLayoutEff
ectOnFiber (C:\Users\f
ahim\OneDrive\Desktop\
xstfahim\node_modules\
react-dom\cjs\react-do
m.development.js:23312
:15)
    at commitLayoutMou
ntEffects_complete (C:
\Users\fahim\OneDrive\
Desktop\xstfahim\node_
modules\react-dom\cjs\
react-dom.development.
js:24727:9)
    at commitLayoutEff
ects_begin (C:\Users\f
ahim\OneDrive\Desktop\
xstfahim\node_modules\
react-dom\cjs\react-do
m.development.js:24713
:7)

ΓÄ»ΓÄ»ΓÄ»ΓÄ»ΓÄ»ΓÄ»ΓÄ» 
Failed Tests 2 
ΓÄ»ΓÄ»ΓÄ»ΓÄ»ΓÄ»ΓÄ»ΓÄ»

 FAIL  
src/App.test.jsx > 
App > renders the 
hero section with 
correct text
 FAIL  
src/App.test.jsx > 
App > renders the 
navigation links
ReferenceError: 
IntersectionObserver 
is not defined
 Γ¥» initIntersectionO
bserver node_modules/f
ramer-motion/dist/es/m
otion/features/viewpor
t/observers.mjs:35:34
 Γ¥» 
observeIntersection no
de_modules/framer-moti
on/dist/es/motion/feat
ures/viewport/observer
s.mjs:40:39
 Γ¥» InViewFeature.sta
rtObserver node_module
s/framer-motion/dist/e
s/motion/features/view
port/index.mjs:52:16
 Γ¥» 
InViewFeature.mount no
de_modules/framer-moti
on/dist/es/motion/feat
ures/viewport/index.mj
s:55:14
 Γ¥» HTMLVisualElement
.updateFeatures node_m
odules/framer-motion/d
ist/es/render/VisualEl
ement.mjs:262:29
 Γ¥» node_modules/fram
er-motion/dist/es/moti
on/utils/use-visual-el
ement.mjs:70:23
 Γ¥» commitHookEffectL
istMount node_modules/
react-dom/cjs/react-do
m.development.js:23189
:26
 Γ¥» commitLayoutEffec
tOnFiber node_modules/
react-dom/cjs/react-do
m.development.js:23312
:15
 Γ¥» commitLayoutMount
Effects_complete node_
modules/react-dom/cjs/
react-dom.development.
js:24727:9
 Γ¥» commitLayoutEffec
ts_begin node_modules/
react-dom/cjs/react-do
m.development.js:24713
:7

ΓÄ»ΓÄ»ΓÄ»ΓÄ»ΓÄ»ΓÄ»ΓÄ»Γ
Ä»ΓÄ»ΓÄ»ΓÄ»ΓÄ»ΓÄ»ΓÄ»ΓÄ
»ΓÄ»ΓÄ»ΓÄ»ΓÄ»ΓÄ»ΓÄ»ΓÄ»
ΓÄ»ΓÄ»[1/2]ΓÄ»


 Test Files  1 failed (1)
      Tests  2 failed (2)
   Start at  04:07:30
   Duration  5.18s (transform 266ms, setup 320ms, import 999ms, tests 262ms, environment 1.85s)

